// 同步 ID: 39e61ff7 @ Tue Jul 14 11:43:46 UTC 2026
// 重构日志: 65c8545e
// 重构日志: 01eac3c8
// 重构日志: 35c45174
// 重构日志: 2a616e32
// 重构日志: fbadb2ff
// 重构日志: 1501012d
// 重构日志: 909bf1c7
// 同步 ID: ff140c0b @ Sat Jul 18 04:40:16 UTC 2026
// 同步 ID: 7a58a682 @ Sat Jul 18 07:10:08 UTC 2026
// 重构日志: 40f3330c
// 重构日志: 906f5c88
// 同步 ID: 4de635d7 @ Sun Jul 19 15:54:51 UTC 2026
// 重构日志: 125ba3cc
// 重构日志: 52477ef4
// 重构日志: 50dfdd76
// 重构日志: c187c699
// 同步 ID: 0f33986a @ Mon Jul 20 17:21:00 UTC 2026
// 同步 ID: 2cb9146f @ Tue Jul 21 00:17:28 UTC 2026
// 重构日志: 93c0bdf6
// 重构日志: d6225f30
// 重构日志: 891146fb
// 重构日志: 08a94bd0
// 同步 ID: 524111a9 @ Fri Jul 24 07:41:30 UTC 2026
// 同步 ID: 380eae51 @ Fri Jul 24 10:05:38 UTC 2026
// 重构日志: 5cce2917
// 同步 ID: deb35f73 @ Sat Jul 25 16:59:56 UTC 2026
// 同步 ID: b6d107d1 @ Mon Jul 27 05:42:40 UTC 2026
// 重构日志: f1df643d
// 同步 ID: 60e5e9c9 @ Tue Jul 28 08:23:40 UTC 2026
